// Jest Snapshot v1, https://goo.gl/fbAQLP

exports[`inline style app-harmony 1`] = `"new Map([['backgroundColor', "#FF0000"], ['borderTopWidth', 1], ['borderRightWidth', 1], ['borderBottomWidth', 1], ['borderLeftWidth', 1], ['borderTopStyle', "solid"], ['borderRightStyle', "solid"], ['borderBottomStyle', "solid"], ['borderLeftStyle', "solid"], ['borderTopColor', "#FF0000"], ['borderRightColor', "#FF0000"], ['borderBottomColor', "#FF0000"], ['borderLeftColor', "#FF0000"]])"`;
