// Jest Snapshot v1, https://goo.gl/fbAQLP

exports[`uvue-style chunk 1`] = `"[new Map<string, Map<string, Map<string, any>>>([["content", new Map<string, any>([["", new Map<string, any>([["display", "flex"]])]])], ["logo", new Map<string, any>([[".content ", new Map<string, any>([["width", "200rpx"], ["height", "200rpx"]])]])]]),new Map<string, Map<string, Map<string, any>>>([["text-area", new Map<string, any>([["", new Map<string, any>([["fontSize", "36rpx"]])]])], ["title", new Map<string, any>([["", new Map<string, any>([["fontSize", "36rpx"]])]])]])]"`;

exports[`uvue-style chunk font-face 1`] = `"[new Map<string, Map<string, Map<string, any>>>([["content", new Map<string, any>([["", new Map<string, any>([["display", "flex"]])]])], ["logo", new Map<string, any>([[".content ", new Map<string, any>([["width", "200rpx"], ["height", "200rpx"]])]])]]),new Map<string, Map<string, Map<string, any>>>([["text-area", new Map<string, any>([["", new Map<string, any>([["fontSize", "36rpx"], ["transitionProperty", "margin-top"], ["transitionDuration", "300ms"]])]])], ["title", new Map<string, any>([["", new Map<string, any>([["fontSize", "36rpx"], ["transitionProperty", "margin-top"], ["transitionDuration", "300ms"]])]])]]),new Map<string, Map<string, Map<string, any>>>([["@FONT-FACE", new Map<string, any>([["0", new Map<string, any>([["fontFamily", "font-family-name-1"], ["src", "url(\\"font file url 1-1\\") format(\\"truetype\\")"]])]])], ["@TRANSITION", new Map<string, any>([["text-area", new Map<string, any>([["property", "margin-top"], ["duration", "300ms"]])], ["title", new Map<string, any>([["property", "margin-top"], ["duration", "300ms"]])]])]])]"`;

exports[`uvue-style chunk font-face with mapOf 1`] = `"[utsMapOf([["content", utsMapOf([["", utsMapOf([["display", "flex"]])]])], ["logo", utsMapOf([[".content ", utsMapOf([["width", "200rpx"], ["height", "200rpx"]])]])]]),utsMapOf([["text-area", utsMapOf([["", utsMapOf([["fontSize", "36rpx"], ["transitionProperty", "margin-top"], ["transitionDuration", "300ms"]])]])], ["title", utsMapOf([["", utsMapOf([["fontSize", "36rpx"], ["transitionProperty", "margin-top"], ["transitionDuration", "300ms"]])]])]]),utsMapOf([["@FONT-FACE", utsMapOf([["0", utsMapOf([["fontFamily", "font-family-name-1"], ["src", "url(\\"font file url 1-1\\") format(\\"truetype\\")"]])]])], ["@TRANSITION", utsMapOf([["text-area", utsMapOf([["property", "margin-top"], ["duration", "300ms"]])], ["title", utsMapOf([["property", "margin-top"], ["duration", "300ms"]])]])]])]"`;

exports[`uvue-style chunk font-face with mapOf and trim 1`] = `"[utsMapOf([["content", padStyleMapOf(utsMapOf([["display", "flex"]]))], ["logo", utsMapOf([[".content ", utsMapOf([["width", "200rpx"], ["height", "200rpx"]])]])]]),utsMapOf([["text-area", padStyleMapOf(utsMapOf([["fontSize", "36rpx"], ["transitionProperty", "margin-top"], ["transitionDuration", "300ms"]]))], ["title", padStyleMapOf(utsMapOf([["fontSize", "36rpx"], ["transitionProperty", "margin-top"], ["transitionDuration", "300ms"]]))]]),utsMapOf([["@FONT-FACE", utsMapOf([["0", utsMapOf([["fontFamily", "font-family-name-1"], ["src", "url(\\"font file url 1-1\\") format(\\"truetype\\")"]])]])], ["@TRANSITION", utsMapOf([["text-area", utsMapOf([["property", "margin-top"], ["duration", "300ms"]])], ["title", utsMapOf([["property", "margin-top"], ["duration", "300ms"]])]])]])]"`;

exports[`uvue-style chunk with mapOf 1`] = `"[utsMapOf([["content", utsMapOf([["", utsMapOf([["display", "flex"]])]])], ["logo", utsMapOf([[".content ", utsMapOf([["width", "200rpx"], ["height", "200rpx"]])]])]]),utsMapOf([["text-area", utsMapOf([["", utsMapOf([["fontSize", "36rpx"]])]])], ["title", utsMapOf([["", utsMapOf([["fontSize", "36rpx"]])]])]])]"`;

exports[`uvue-style css calc 1`] = `"new Map<string, Map<string, Map<string, any>>>([["content", new Map<string, any>([["", new Map<string, any>([["top", calc(CSS_VAR_WINDOW_TOP + 10px)], ["bottom", calc(10px - CSS_VAR_WINDOW_BOTTOM)], ["height", calc(CSS_VAR_STATUS_BAR_HEIGHT * 2)]])]])]])"`;

exports[`uvue-style css var 1`] = `"new Map<string, Map<string, Map<string, any>>>([["content", new Map<string, any>([["", new Map<string, any>([["top", CSS_VAR_WINDOW_TOP], ["bottom", CSS_VAR_WINDOW_BOTTOM], ["height", CSS_VAR_STATUS_BAR_HEIGHT]])]])]])"`;

exports[`uvue-style js 1`] = `"new Map([["content", new Map([["", new Map([["display", "flex"]])]])], ["logo", new Map([[".content ", new Map([["width", "200rpx"], ["height", "200rpx"]])]])], ["text-area", new Map([["", new Map([["fontSize", "36rpx"]])]])], ["title", new Map([["", new Map([["fontSize", "36rpx"]])]])]])"`;

exports[`uvue-style support env 1`] = `"new Map<string, Map<string, Map<string, any>>>([["top", new Map<string, any>([["", new Map<string, any>([["paddingTop", "env(safe-area-inset-top, 20px)"], ["paddingLeft", "env(\\n      safe-area-inset-top,\\n      20px\\n    )"]])]])]])"`;

exports[`uvue-style ts 1`] = `"new Map<string, Map<string, Map<string, any>>>([["content", new Map<string, any>([["", new Map<string, any>([["display", "flex"]])]])], ["logo", new Map<string, any>([[".content ", new Map<string, any>([["width", "200rpx"], ["height", "200rpx"]])]])], ["text-area", new Map<string, any>([["", new Map<string, any>([["fontSize", "36rpx"]])]])], ["title", new Map<string, any>([["", new Map<string, any>([["fontSize", "36rpx"]])]])]])"`;
