// Jest Snapshot v1, https://goo.gl/fbAQLP

exports[`stringifyMap basic 1`] = `"new Map<string, any>([["color","#7A7E83"],["selectedColor","#3cc51f"],["borderStyle","black"],["backgroundColor","#ffffff"],["list",[new Map<string, any>([["pagePath","pages/component/index"],["iconPath","static/image/icon_component.png"],["selectedIconPath","static/image/icon_component_HL.png"],["text","组件"]]),new Map<string, any>([["pagePath","pages/API/index"],["iconPath","static/image/icon_API.png"],["selectedIconPath","static/image/icon_API_HL.png"],["text","接口"]])]]])"`;
