// Jest Snapshot v1, https://goo.gl/fbAQLP

exports[`compiler: v-once transform as root node 1`] = `
"resolveCache(_cache, 0, (): VNode => {
  setBlockTracking(-1)
  _cache[0] = _cE("view", _uM({ id: foo }), null, 8 /* PROPS */, ["id"])
  setBlockTracking(1)
  return _cache[0] as VNode
})"
`;

exports[`compiler: v-once transform on component 1`] = `
"_cE("view", null, [
  resolveCache(_cache, 0, (): VNode => {
    setBlockTracking(-1)
    _cache[0] = _cV(_component_Comp, _uM({ id: foo }), null, 8 /* PROPS */, ["id"])
    setBlockTracking(1)
    return _cache[0] as VNode
  })
])"
`;

exports[`compiler: v-once transform on nested plain element 1`] = `
"_cE("view", null, [
  resolveCache(_cache, 0, (): VNode => {
    setBlockTracking(-1)
    _cache[0] = _cE("view", _uM({ id: foo }), null, 8 /* PROPS */, ["id"])
    setBlockTracking(1)
    return _cache[0] as VNode
  })
])"
`;

exports[`compiler: v-once transform on slot outlet 1`] = `
"_cE("view", null, [
  resolveCache(_cache, 0, (): VNode => {
    setBlockTracking(-1)
    _cache[0] = renderSlot($slots, "default")
    setBlockTracking(1)
    return _cache[0] as VNode
  })
])"
`;
